2026-05-27
was wondering why s6 dumps all the logs into my terminal until
i looked up the artix wiki 
>Note: s6-linux-init on artix is compiled with the option to print 
>messages to /dev/console. By default, this is tty1. You can change 
>/dev/console to another location using a kernel parameter (see 
>your bootloader's configuration) if you'd like. 

yeah, kinda annoying for ANIS since prompts will easily be overlooked, 
but i think people are smart enough to switch to tty2 if i say so
in the README

2026-05-22
Today I thought of prioritising the basic install process. Making
things work in the first place that are essential for a basic
setup should have been prio 1 all along. Thats why I decidet to 
remove gpufetch from the initial setup completely for now.
I'll rather focus on hibernation, additional drivers etc in a
dedicated post install script.

So for now I will just look up what the Artix Wiki has described 
in their installation guide and implement only those features for 
all of Artix' init systems as well as improving the UI overall.


2026-05-21
Thought it would be kinda funny to implement something like a
diary for that project. 

I'm currently thinking about dropping that "auto nvidia driver
install" process i planned, since it would conflict with the idea
of using FOSS as a default. Still the gpufetch script will come
in handy to optimize nouveau settings.

Currently my greatest enemy is getting hibernation to work on my 
machines.